C51 COMPILER V9.60.7.0   LCD1602                                                           01/02/2024 09:12:21 PAGE 1   


C51 COMPILER V9.60.7.0, COMPILATION OF MODULE LCD1602
OBJECT MODULE PLACED IN .\Objects\LCD1602.obj
COMPILER INVOKED BY: C:\Program Files\Keil_v5\C51\BIN\C51.EXE LCD1602\LCD1602.c OPTIMIZE(8,SPEED) BROWSE DEBUG OBJECTEXT
                    -END PRINT(.\Listings\LCD1602.lst) TABS(3) OBJECT(.\Objects\LCD1602.obj)

line level    source

   1          #include "LCD1602.h"
   2          
   3          sbit _LCD_RW_ = P2^5;
   4          sbit _LCD_RS_ = P2^6;
   5          sbit _LCD_EN_ = P2^7;
   6          sbit _LCD_BS_ = 0x80^7;
   7          
   8          sfr __LCD_port__ = 0x80;
   9          
  10          void LCD_Write(const unsigned char value, const bit mode) {
  11   1         bit busy_state;
  12   1         
  13   1         _LCD_RW_ = 1;_LCD_RS_ = 0; //读状态模式
  14   1         do {
  15   2            _LCD_EN_ = 1;busy_state = _LCD_BS_;_LCD_EN_ = 0; //读状态
  16   2         } while(busy_state & 0x01 != 0x00);
  17   1         _LCD_RW_ = 0;_LCD_RS_ = mode; //写0:指令或1:数据模式
  18   1         __LCD_port__ = value; //准备
  19   1         _LCD_EN_ = 1;_LCD_EN_ = 0; //写入
  20   1      }
  21          
  22          void LCD_Initial(void) {
  23   1         unsigned char times;
  24   1         
  25   1         for(times = 0; times < 5; times++) {
  26   2            _LCD_RW_ = 0;_LCD_RS_ = 0;
  27   2            __LCD_port__ = 0x38;
  28   2            _LCD_EN_ = 1;_LCD_EN_ = 0;
  29   2            Delay10ms(); //延迟10ms
  30   2         }
  31   1         LCD_Write(0x38, 0);
  32   1         LCD_Write(0x06, 0);
  33   1         LCD_Write(0x01, 0);
  34   1         LCD_Write(0x0f, 0);
  35   1      }
  36          
  37          void LCD_Clear(void) {
  38   1         LCD_Write(0x01, 0);
  39   1      }
  40          
  41          void LCD_PrtChar(const char value) {   
  42   1         LCD_Write(value, 1);
  43   1      }
  44          
  45          void LCD_PrtCharAt(const char value, const unsigned char x, const bit y) {
  46   1         LCD_Write(0x80 | (y * 0x40 + x), 0);
  47   1         LCD_Write(value, 1);
  48   1      }
  49          
  50          void LCD_PrtStr(const char * value) {
  51   1         while(*value != '\0') {
  52   2            LCD_PrtChar(*value);
  53   2            value++;
  54   2         }
C51 COMPILER V9.60.7.0   LCD1602                                                           01/02/2024 09:12:21 PAGE 2   

  55   1      }
  56          
  57          void LCD_PrtStrAt(const char * value, const unsigned char x, const bit y) {
  58   1         if(*value != '\0') {
  59   2            LCD_PrtCharAt(*value, x, y);
  60   2            value++;
  61   2         }
  62   1         while(*value != '\0') {
  63   2            LCD_PrtChar(*value);
  64   2            value++;
  65   2         }
  66   1      }


MODULE INFORMATION:   STATIC OVERLAYABLE
   CODE SIZE        =    177    ----
   CONSTANT SIZE    =   ----    ----
   XDATA SIZE       =   ----    ----
   PDATA SIZE       =   ----    ----
   DATA SIZE        =   ----       1
   IDATA SIZE       =   ----    ----
   BIT SIZE         =   ----       4
END OF MODULE INFORMATION.


C51 COMPILATION COMPLETE.  0 WARNING(S),  0 ERROR(S)
