C51 COMPILER V9.60.7.0   LEDQUEUE                                                          01/02/2024 09:12:21 PAGE 1   


C51 COMPILER V9.60.7.0, COMPILATION OF MODULE LEDQUEUE
OBJECT MODULE PLACED IN .\Objects\LEDQueue.obj
COMPILER INVOKED BY: C:\Program Files\Keil_v5\C51\BIN\C51.EXE LEDQueue\LEDQueue.c OPTIMIZE(8,SPEED) BROWSE DEBUG OBJECTE
                    -XTEND PRINT(.\Listings\LEDQueue.lst) TABS(3) OBJECT(.\Objects\LEDQueue.obj)

line level    source

   1          #include "LEDQueue.h"
   2          
   3          sfr __led_queue__ = 0xA0;
   4          
   5          void LEDQueue_Light(const unsigned char number) {
   6   1         __led_queue__ = ~number;
   7   1      }


MODULE INFORMATION:   STATIC OVERLAYABLE
   CODE SIZE        =      5    ----
   CONSTANT SIZE    =   ----    ----
   XDATA SIZE       =   ----    ----
   PDATA SIZE       =   ----    ----
   DATA SIZE        =   ----    ----
   IDATA SIZE       =   ----    ----
   BIT SIZE         =   ----    ----
END OF MODULE INFORMATION.


C51 COMPILATION COMPLETE.  0 WARNING(S),  0 ERROR(S)
