C51 COMPILER V9.60.7.0   MOTOR                                                             01/02/2024 09:12:21 PAGE 1   


C51 COMPILER V9.60.7.0, COMPILATION OF MODULE MOTOR
OBJECT MODULE PLACED IN .\Objects\Motor.obj
COMPILER INVOKED BY: C:\Program Files\Keil_v5\C51\BIN\C51.EXE Motor\Motor.c OPTIMIZE(8,SPEED) BROWSE DEBUG OBJECTEXTEND 
                    -PRINT(.\Listings\Motor.lst) TABS(3) OBJECT(.\Objects\Motor.obj)

line level    source

   1          #include "Motor.h"
   2          
   3          #define COUNT_MAX 10
   4          
   5          sbit _motor_ = P1^0;
   6          
   7          static float rate; //直流电机上下文
   8          static bit state; //直流电机状态
   9          
  10          //initial motor
  11          void Motor_Initial(const float invert_rate) {
  12   1         rate = invert_rate;
  13   1      }
  14          
  15          //emit or shut sound
  16          void Motor_Emit(const bit value) {
  17   1         state = (value == 0) ? 0 : 1;
  18   1      }
  19          
  20          //execute
  21          void Motor_Drive(void) {
  22   1         static unsigned char count; //计数器
  23   1         
  24   1         if(state == 1) {
  25   2            if(count < COUNT_MAX * rate) {_motor_ = 1;}
  26   2            else {_motor_ = 0;}
  27   2            count = ++count % COUNT_MAX;
  28   2         }
  29   1         else {_motor_ = 0;}
  30   1      }


MODULE INFORMATION:   STATIC OVERLAYABLE
   CODE SIZE        =     96    ----
   CONSTANT SIZE    =   ----    ----
   XDATA SIZE       =   ----    ----
   PDATA SIZE       =   ----    ----
   DATA SIZE        =      5    ----
   IDATA SIZE       =   ----    ----
   BIT SIZE         =      1       1
END OF MODULE INFORMATION.


C51 COMPILATION COMPLETE.  0 WARNING(S),  0 ERROR(S)
